[charlesdesign.framer.website/index.html]
[backblue.gif]
[fade.gif]
[index.html]
[framerusercontent.com/images/YDPM8RIj9noi5h2fTz2KUz7t8.png]
[framerusercontent.com/images/bnPiZ03S5cVeNfXH8ngOALa6Lw.png]
[framerusercontent.com/images/KYi4pyGL9jMKbPIw0V5fLcvP4Ok.png]
[framerusercontent.com/assets/3ZDgwqMqofBGbKcFhHyjb2WIIyM.png]
[framerusercontent.com/images/sTyfJNyKxric7OApGw1AYP581uY.png]
[charlesdesign.framer.website/contact.html]
[charlesdesign.framer.website/portfolio-dark-work-single/logo-design-for-brands.html]
[framerusercontent.com/images/GtiFhIcUC11ozvNmHdMDSvLFFc.png]
[charlesdesign.framer.website/portfolio-dark-work-single/big-b-nft-collection.html]
[framerusercontent.com/images/SeZZFK6haqE4fqcz6UmALPI1hyQ.png]
[charlesdesign.framer.website/portfolio-dark-work-single/wikiprospects-coporate-videos.html]
[framerusercontent.com/images/rSUHQH8U5qPuv4kAKx7wfqXe1N8.png]
[charlesdesign.framer.website/portfolio-dark-work-single/digiwebs-website.html]
[framerusercontent.com/images/VPWeyMhMBgAq0H9KdYYLPmBn0E.png]
[charlesdesign.framer.website/portfolio-dark-work-single/ramraj-cotton.html]
[framerusercontent.com/images/GuDHDPUA2UYDmEVasvQLJMAS8.png]
[charlesdesign.framer.website/portfolio-dark-work-single/bopoverse-nft.html]
[framerusercontent.com/images/zXzKpJlCVPw4nZYtfG5UABVXFc.png]
[framerusercontent.com/images/Wvv6P4A9shDe05RBuhfHiMXwNQA.png]
[framerusercontent.com/images/U94s74OxqaqOSA92EVADBezFlFM.png]
[framerusercontent.com/images/IHSQyEsppK2y9lFZdvZH8VFkV3w.png]
[framerusercontent.com/images/CQXq3JAV8VIMzXMd4cl7qpTxpM.png]
[framerusercontent.com/images/J9kAQQUUD5HAZ6tLunwdb1Pjh8.png]
[framerusercontent.com/images/9HCp4Uix4hlOmJq57YPDgQ8p3PQ.png]
[framerusercontent.com/images/hrw9bpVQjmRF0JNgFxEMCBxPEIE.png]
[framerusercontent.com/images/VrMS00KuLhLd8LMZj6VdXxwfIVY.png]
[framerusercontent.com/images/qKu4SHCe8dmMepzPI3pIzx0E09ae5.png]
[framerusercontent.com/images/qC8INbFhBs0XkvKfm9mQND3hEgI.png]
[framerusercontent.com/images/d8FryCKsgEnMonIXxAvX1mAk9k.png]
[framerusercontent.com/images/TsnimJ8zlJsw3PDtMmzHkrIH0.png]
[framerusercontent.com/images/xdixoErXJzKXRrWgpONPj0rNE.png]
[framerusercontent.com/images/zCjWRCwBK4F01Lmca1AdyAuSw.png]
[framerusercontent.com/images/rlWyr3ScOwNr6x1h7iol2ogNy4o9ae5.jpg]
[framerusercontent.com/images/sm4qI5WaGyaIFsFACGakZjHHwQYa3fc.jpg]
[framerusercontent.com/images/8r7A8qe0InZ0KZQYIdrJNZiwrk.png]
[framerusercontent.com/images/XsjrtjzmWD64st3wspCEmlbj3A9ae5.jpg]
[framerusercontent.com/images/FJ9HyVNTQWIAmwsELGAWkfAdN5o.png]
[framerusercontent.com/images/hj24v8KnzLmll32Gr3PM5aGtYsa3fc.png]
[framerusercontent.com/images/mIKPovvjkvDIQyYP7OKHqiBHEBk9ae5.png]
[charlesdesign.framer.website/index.html]
[framerusercontent.com/images/luIXzhjpwCwTJ35ZwKTTMs97Og.png]
[charlesdesign.framer.website/contact.html]
[framerusercontent.com/images/yulsogA189uZXSEUG8H5nt1qqM.png]
[framerusercontent.com/images/5pN1F4DFoMnmtySMqX3oaJW77J8.png]
[framerusercontent.com/images/l4wIgrAcxaitLM2YVPNGZcWjTs.png]
[framerusercontent.com/images/EALpsp1t6Y39ZR2KAXRcp5v0TQ.png]
[framerusercontent.com/images/4LKfymyUJvJln4jYVk8PvS7C7E.png]
[framerusercontent.com/images/DiLWoQanCn9kgPuEffNN1PWUImc.png]
[framerusercontent.com/images/vWwFYGgpdiCGe64CE1Dcjxr6neI.png]
[framerusercontent.com/images/hNXxzllbjp26NAuO5ED7GmpjQag.png]
[framerusercontent.com/images/9HPwBGiNOVVeRD4wigqgGMVLvM.png]
[framerusercontent.com/images/ErVF2JS8ERmsINgNOhQzZYOwCTY.png]
[framerusercontent.com/images/XnbUUdXiaToIxxBpBwMI2LWcao.png]
[framerusercontent.com/images/rl3kla1XerkZc8Y1LScjCzre6sA.png]
[framerusercontent.com/images/hTMA1kzzpxNkZ6IG9l3QU6mLM.png]
[framerusercontent.com/images/plaK39OcMSUJvp1ooga79NkJuZs.png]
[framerusercontent.com/images/eLqiUOCxZMv04whi2KsUnj1MmDI.png]
[framerusercontent.com/images/TtQm9gSHwyHhQ62osvhIfEoBFY.png]
[framerusercontent.com/images/FQHWppZs8LmYmN91MXNKdWa4Zw0.png]
[framerusercontent.com/images/U7DahP1JFiYPRMrFLJ1lKZ6N38Q.png]
[framerusercontent.com/images/6F2LOOa4b6gSU15GuIP15RQeEc.png]
[charlesdesign.framer.website/portfolio-dark-work-single/logo-design-for-brands.html]
[framerusercontent.com/images/Z7zYiuUpLFw2YuORVUY5Mso1Y.png]
[framerusercontent.com/images/q0KTTPLLAX0lNM7o2QM1EBIC20.png]
[framerusercontent.com/images/1nzb0LxpVQcYhXhnZwpNkJSwQ1M.png]
[framerusercontent.com/images/PvDzY110uA2nm6mgE2rx9QQi7Y.png]
[framerusercontent.com/images/6zdnkxoUPJwjXYV4fEsDRMnzlPo.png]
[framerusercontent.com/images/ItM7xa9uXA0pia88eGvxEvfjag.png]
[charlesdesign.framer.website/portfolio-dark-work-single/big-b-nft-collection.html]
[charlesdesign.framer.website/portfolio-dark-work-single/wikiprospects-coporate-videos.html]
[charlesdesign.framer.website/portfolio-dark-work-single/digiwebs-website.html]
[framerusercontent.com/images/GTJ3mBX7TgYm4SApZnXZ4nnPZM8.png]
[framerusercontent.com/images/rfWi66GDD2mldEKdaKmGlrCMDE.png]
[framerusercontent.com/images/M5lv6eU9rysjzXw4p8Uk6AzwER8.png]
[framerusercontent.com/images/NCfI50rv5MFJnbcyqin0wLFmkk.png]
[framerusercontent.com/images/dgyDK7W07YUfmrIGpQzuBiGlwU.png]
[framerusercontent.com/images/ebTOh2Hi0WfRRMTIlivkHNtaRY.png]
[framerusercontent.com/images/6z5tkUkriLRC7CKsp9OhQaTjmJc.png]
[framerusercontent.com/images/0jLcHezJJjoSQk898xVUY478p8.png]
[framerusercontent.com/images/rnQ1upnBO6cgZTToie1X06gtvM.png]
[framerusercontent.com/images/3QSu4YPx7DPLm1kSsgRb5IjJCeU.png]
[framerusercontent.com/images/9QTxEPijLNbrT3xHphKXVQxS6GM.png]
[framerusercontent.com/images/yotyC05CzV1MgUOeByrhtya1tA.png]
[framerusercontent.com/images/7hWVLZIXo5tmuzfR4Paxn6r8AzQ.png]
[framerusercontent.com/images/vUL6c0RWBtKy6JTGawbrZmieJo.png]
[framerusercontent.com/images/NYIXHDTJDlrMrU0Am55YDPPhhQ.png]
[framerusercontent.com/images/ec3usBJBFHDDDmMxedrhvFVe8.png]
[framerusercontent.com/images/5ctK9vPPlYBLcABqERP723C7K9U.png]
[framerusercontent.com/images/7hRhXvN6oRUMr4EjXxcdY0fIok.png]
[framerusercontent.com/images/QY9YlWlwfCV0qylyd37uJqpSp0.png]
[framerusercontent.com/images/Ra2Pr3ojorkleHuDGU0ugCS87c.jpg]
[framerusercontent.com/images/6RB7vSZ2oQLBnX2Ax0Zz7r2SU8.jpg]
[framerusercontent.com/images/IdeL8NMad1MlAdHP0wXSVnNl8zA.jpg]
[framerusercontent.com/images/ENY3Bm4tqo6CPkMdzhEhDugtVUU.jpg]
[framerusercontent.com/images/mLcvkxPIN8I3220vB2RFvNhEcrs.png]
[framerusercontent.com/images/d2fCSUouFOzacY2knXYB5GtAII0.jpg]
[framerusercontent.com/images/5XLV6kJEpmyCTuqskHowhjRNAQ.png]
[framerusercontent.com/images/zjYvZeNv5XkR5r17KnTAW7PUE.png]
[framerusercontent.com/images/koZZqTfAD3vn87gifBAtRtb039M.jpg]
[framerusercontent.com/images/8iySw1DMq0DA0uHDwhBY9cgILVY.png]
[framerusercontent.com/images/yhvSJh3mQ4ID6TVxFMOX4fwVC0.jpg]
[charlesdesign.framer.website/portfolio-dark-work-single/ramraj-cotton.html]
[framerusercontent.com/images/GLOsN7zJQMd5e2q3xurRLF39Xdo.png]
[framerusercontent.com/images/YhQSvQBS3HH9OMxna6qhCI4KKzk.png]
[framerusercontent.com/images/54HoQHfiL1dfmORTUSQyhwiQlQ.png]
[framerusercontent.com/images/PnBEgtVKVTZmA5u5rmGXdo9X9g.png]
[charlesdesign.framer.website/portfolio-dark-work-single/slime-shady-nft.html]
[charlesdesign.framer.website/portfolio-dark-work-single/bopoverse-nft.html]
[framerusercontent.com/images/Xvo61QbXzvo9Xs3dDb5dmAp4ev4.png]
[charlesdesign.framer.website/portfolio-dark-work-single/[object Object].html]
[framerusercontent.com/images/hgwR2cwbxssbw2P3Ctyev4Jsys4.png]
[framerusercontent.com/images/25XcfsmpciGtWdeiDb2kM1dE0.png]
[framerusercontent.com/images/6Rji38U2oFz9z0MsFKCFCKgJc.png]
[framerusercontent.com/images/bXm3gFBjLAOeoiXRmtzoBneUKHA.png]
[framerusercontent.com/images/K2nr0KmJ4jukdNu45F92JOkpxU.png]
[framerusercontent.com/images/5TYtxa4nRCnilv0jnDB2Gyv0c.png]
[framerusercontent.com/images/CdSE6lokOxJdtOHX2Av5dyz2RY.png]
[framerusercontent.com/images/j294wBpjXnMVuZ6ff7wRMWtWfs.png]
[charlesdesign.framer.website/portfolio-dark-work-single/squishy-mellows-nft.html]
[framerusercontent.com/images/ZXW4pJkueEmL8YAwqWnFjcP2giA.png]
[charlesdesign.framer.website/portfolio-dark-work-single/slime-shady-nft.html]
[framerusercontent.com/images/y93w4vW2xqAUi28OJWEA4oTwxY.png]
[framerusercontent.com/images/51plQXzHwQCdgTAG4ZshLgxtmw.png]
[framerusercontent.com/images/n1nZEpllTpeZmwKgtAU8Od5JLs.png]
[framerusercontent.com/images/6hlb7m02ZZoMFfUmfM7yUl2RrU0.png]
[framerusercontent.com/images/IemZPTk7XK9gFYTRPuo8UDj5Q.png]
[framerusercontent.com/images/misdzbbiiuFxqOcbQEPtQgzrQco.png]
[framerusercontent.com/images/hgHenxdGAGKX3e1ttGyH3BD7HmI.png]
[charlesdesign.framer.website/portfolio-dark-work-single/agni-steels-social-media.html]
[framerusercontent.com/images/8sXZ0Rg5u5baoyBF6RlDNBnJY.png]
[charlesdesign.framer.website/portfolio-dark-work-single/squishy-mellows-nft.html]
[framerusercontent.com/images/Hc7yvp7Y2uaOJiUMJRNJvlmo.png]
[framerusercontent.com/images/elhL5LlswMsqp4jAmnxyVVy55A.png]
[framerusercontent.com/images/ALMqKysrcfyd1FGaJWVWfffcDw0.png]
[framerusercontent.com/images/KFh2gHV9iCJWorDTtCOKZeU.png]
[framerusercontent.com/images/HNTTAHwXEtuZbGt2KPb3x8imyeE.png]
[framerusercontent.com/images/6B2LW56yMbaWfkSOmhYSRyCISo.png]
[framerusercontent.com/images/Ek0NRGRzhuYfnyAuP9KXwpSotXI.png]
[framerusercontent.com/images/0TmpiURQrCGzKY36UIkw0EF5EHI.jpg]
[framerusercontent.com/images/Ma5ld8BzWi079jWHFIu7I6R0.jpg]
[framerusercontent.com/images/hIDYNxUYQXV3FhtpjTf3C8MmWqY.jpg]
[framerusercontent.com/images/R6ldCyG1q5ynAo7zkjB54oAO36Q.jpg]
[framerusercontent.com/images/q7LXERrkGX3Q0zHkEAtjLFio.jpg]
[framerusercontent.com/images/fwnhNkbyNuiRjS5AGASqGX6dgs.jpg]
[framerusercontent.com/images/XTSq60aTdgBtnNYYUfRbmuN2TA.jpg]
[framerusercontent.com/images/cNH33fUycjLtyTSaSSb0P4mCqw.jpg]
[framerusercontent.com/images/R1mxifXhhnhhrahQioeEIQPTR9g.jpg]
[framerusercontent.com/images/teODq5mUzCeZUBtYnNXQR9X3iM.jpg]
[framerusercontent.com/images/jgDNNmhxgRpEHOZEl4WeNMR3sds.jpg]
[charlesdesign.framer.website/portfolio-dark-work-single/altimetrik-social-media.html]
[charlesdesign.framer.website/portfolio-dark-work-single/agni-steels-social-media.html]
[framerusercontent.com/images/Q3iCxaPgNH0MNUqNmhaBfb2bgW0.png]
[framerusercontent.com/images/fwosrVNM7FlLEsTV1JZhfeg8FKc.png]
[framerusercontent.com/images/MIs7RinTfmhEdvTRVCdqjpzEtv8.png]
[framerusercontent.com/images/XZkpW5ciS0XAm6aXjjjsnNBXMzM.png]
[framerusercontent.com/images/RKku2B5v0oZxfLo73ppgNKpOEvA.png]
[framerusercontent.com/images/refuxfcNzKO8kAV1kKh7QM3Odg.png]
[framerusercontent.com/images/Xbj3Otp0kRpunC74fSHU68icu8.png]
[framerusercontent.com/images/7O4WwTgiZmhL75AN5tcOPu0LhWU.png]
[framerusercontent.com/images/yPQoY7SCM5H9jfawlQD6UMBQcU.png]
[framerusercontent.com/images/pcL09fM7ZQqKiFzYwYda2b3JVA.png]
[framerusercontent.com/images/GghymZgHPnVgW2A9pkC7BjXSPo.png]
[framerusercontent.com/images/WdHBNwB6VDkqcect0rW3f2R7UCM.png]
[framerusercontent.com/images/mKx5Pi91KJ6ec3jxBNeZXOkkCk.png]
[framerusercontent.com/images/G7oD7PjTOwKO0CVzokH6bMn9h4.png]
[framerusercontent.com/images/2xWCVdTvGEQZLb3qYV6DUxSZWfk.png]
[charlesdesign.framer.website/portfolio-dark-work-single/digital-hub.html]
[framerusercontent.com/images/a6h8mhnwqklkHMpA6YQ3pDkcl4U.png]
[charlesdesign.framer.website/portfolio-dark-work-single/altimetrik-social-media.html]
[framerusercontent.com/images/2fCtq1yeyxystVrMTYMkVgTNzu4.png]
[framerusercontent.com/images/U06sw2Qlvri2tYt2qzlhSdefJDk.png]
[framerusercontent.com/images/5bUTcuxvMv2pXVF4oPQKasNJhY.png]
[framerusercontent.com/images/OS5UrHoRMlngh0tFamTsusJEes.png]
[framerusercontent.com/images/VZJr8sSotTqIucKlEmGuxQMmo.png]
[framerusercontent.com/images/TAQrMrfF69LyrmagZ0igPRbQ9A.png]
[framerusercontent.com/images/NYEmfM7rv4xoiEm1Hh2AXNTmHI.png]
[framerusercontent.com/images/SeIJJBgKwSXiDwNdeS75UiaFXLQ.png]
[framerusercontent.com/images/vFzEMkbSVCwd4Uxr5RMbuNlAQI.png]
[framerusercontent.com/images/Vb3YEgshZFWm6nnkN0Gyad4oRSk.png]
[framerusercontent.com/images/oLRwAYRAHQqm8yFkAs1DZNbyo7U.png]
[framerusercontent.com/images/D73nM96vdAiOzK6Uj2wvuzfkyE.png]
[charlesdesign.framer.website/portfolio-dark-work-single/eon8.html]
[framerusercontent.com/images/e4N0cUzIgZbx2CDgKCU7P6Et6ps.png]
[charlesdesign.framer.website/portfolio-dark-work-single/digital-hub.html]
[framerusercontent.com/images/d8OBZrCJtjoOzUqANDqOWzTrNn8.png]
[framerusercontent.com/images/JPrCXTQa2jiQ5BR2P2dDrU3AMw.png]
[framerusercontent.com/images/aGqaEBLokIamH9YMxkopIxABQ.png]
[framerusercontent.com/images/taWpWauxeI3n9t6AsAshjWipIE.jpg]
[framerusercontent.com/images/A1bMk0BNcYej9gCQz855IHXODtU.jpg]
[framerusercontent.com/images/JVW3VISXcoZxarAuIdCxImpy1E.jpg]
[framerusercontent.com/images/08svcVXh9HcWMMbfSy6HnRvEPI.jpg]
[framerusercontent.com/images/zn2HSC82MELsdMoSnUfFQFm9g.jpg]
[framerusercontent.com/images/drAbVKfvOLlqJO5mttzt9nZEeI.png]
[framerusercontent.com/images/qqFszL5vnspCjBETHQfYNvjqFzo.jpg]
[framerusercontent.com/images/vNnl3ajjKxHnlqI5T3rLcJW3Qs.jpg]
[framerusercontent.com/images/o3Bx3Dzsdryrg78STfqRbRbQ8jU.jpg]
[framerusercontent.com/images/T3VC8xW9FXjlZfY773yWB9tg.jpg]
[charlesdesign.framer.website/portfolio-dark-work-single/eon8.html]
[framerusercontent.com/images/CNDa76Uwv8YXv7AfL1Eiq8Blqo.jpg]
